Driv_Pingdom_Id_Updater::run() 1
-----------------------------------
activated
Driv_Pingdom_Id_Updater::run()
Driv_Pingdom_Id_Updater::run()
Driv_Pingdom_Id_Updater::run()
Driv_Pingdom_Id_Updater::run()
Driv_Pingdom_Id_Updater::run()
Driv_Pingdom_Id_Updater::run() 3
Driv_Pingdom_Id_Updater::run() 3
